// Jest Snapshot v1, https://goo.gl/fbAQLP

exports[`<Input /> Snapshot Input element 1`] = `
<div
  className="form-group "
>
  <label />
  <input
    autoComplete="on"
    disabled={false}
    placeholder=""
    type="text"
  />
</div>
`;
